
Memory Configuration

Name             Origin             Length             Attributes
*default*        0x00000000         0xffffffff

Linker script and memory map

                0xff0251e0                jiffies = jiffies_64
                0xff008000                . = 0xff008000
                0xff008000                _start = .
                0xff008000                _stext = .

.text           0xff008000    0x13560
 *(.text)
 .text          0xff008000      0x148 arch-imx21/start.o
                0xff008100                arch_context_switch
                0xff008000                text
                0xff008134                sra_info_ptr
 .text          0xff008148     0xc518 /home/nirvana/release/opensource/xen-arm/xen/common/built_in.o
                0xff00d734                parse_size_and_unit
                0xff0129b0                sched_rem_domain
                0xff01232c                sched_ctl
                0xff00f8e8                rangeset_destroy
                0xff00cdf0                print_tainted
                0xff0144f0                _xmalloc
                0xff00d678                __umoddi3
                0xff00d0ec                __qdivrem
                0xff00e740                init_heap_pages
                0xff00adc4                evtchn_send
                0xff00ab20                evtchn_alloc_unbound
                0xff00ad54                send_guest_event
                0xff00a12c                do_vcpu_op
                0xff00e820                free_xenheap_pages
                0xff0133dc                strlcpy
                0xff0087dc                bitmap_scnlistprintf
                0xff00a6e8                parseelfimage
                0xff014348                xfree
                0xff008580                __bitmap_subset
                0xff00f290                free_domheap_pages
                0xff00d888                guest_remove_page
                0xff010ba8                waitq_comp
                0xff0083b4                __bitmap_and
                0xff00fdc0                rangeset_is_empty
                0xff01231c                sched_id
                0xff00d698                __moddi3
                0xff00a320                domain_pause_for_debugger
                0xff013260                strspn
                0xff013860                simple_strtol
                0xff009c00                domain_destroy
                0xff013130                strcat
                0xff0136e0                reprogram_timer
                0xff012d34                alloc_vcpu
                0xff00b180                evtchn_destroy
                0xff008698                bitmap_find_free_region
                0xff00cfdc                do_nmi_op
                0xff00a2b0                domain_pause_by_systemcontroller
                0xff012e7c                vcpu_runstate_get
                0xff008a9c                __bitmap_shift_right
                0xff009ab0                boot_vcpu
                0xff00d65c                __udivdi3
                0xff009920                vcpu_pause
                0xff0131d4                strncmp
                0xff012680                __enter_scheduler
                0xff011d14                sedf_wake
                0xff00fb54                rangeset_add_range
                0xff00bcb0                grant_table_create
                0xff00e940                alloc_heap_range
                0xff014254                scnprintf
                0xff00bdf4                do_grant_table_op
                0xff013218                strlen
                0xff00b204                do_event_channel_op
                0xff014290                snprintf
                0xff00f9ac                rangeset_remove_range
                0xff00f5d4                alloc_domheap_pages
                0xff00f944                rangeset_domain_destroy
                0xff00cc04                add_taint
                0xff00e878                init_domheap_pages
                0xff008338                __bitmap_complement
                0xff013888                simple_strtoull
                0xff0099f0                domain_unpause_by_systemcontroller
                0xff00f12c                set_guest_pages
                0xff00f7f4                rangeset_domain_initialise
                0xff0088c8                bitmap_scnprintf
                0xff0132e8                strsep
                0xff00eb8c                alloc_heap_pages
                0xff00b1ec                evtchn_close
                0xff01315c                strncat
                0xff014244                vsprintf
                0xff012640                do_set_timer_op
                0xff00effc                init_boot_allocator
                0xff008d80                do_dom0_op
                0xff009e68                __domain_crash
                0xff00e3bc                alloc_boot_pages
                0xff00f824                rangeset_printk
                0xff008224                __bitmap_full
                0xff00e0cc                do_multicall
                0xff012468                vcpu_sleep_nosync
                0xff00d98c                do_memory_op
                0xff00adb0                send_guest_virq
                0xff012970                vcpu_sleep_sync
                0xff0129e8                free_domain
                0xff009a8c                domain_unpause
                0xff00cc38                do_xen_version
                0xff00e5a8                free_heap_pages
                0xff0084e4                __bitmap_intersects
                0xff008990                __bitmap_shift_left
                0xff009b04                set_info_guest
                0xff009f70                domain_create
                0xff00f79c                rangeset_contains_range
                0xff00a110                __domain_crash_synchronous
                0xff0128d0                do_sched_op_compat
                0xff013108                strncpy
                0xff008620                __bitmap_weight
                0xff00844c                __bitmap_xor
                0xff008498                __bitmap_andnot
                0xff013650                set_timer
                0xff0135fc                kill_timer
                0xff012f64                sched_adjdom
                0xff00fd00                rangeset_add_singleton
                0xff00ad84                send_guest_pirq
                0xff009d04                find_domain_by_id
                0xff0125a8                sched_add_domain
                0xff00829c                __bitmap_equal
                0xff00aaf4                evtchn_init
                0xff00e92c                avail_domheap_pages
                0xff008400                __bitmap_or
                0xff008760                bitmap_allocate_region
                0xff00cc1c                do_ni_hypercall
                0xff013318                memcmp
                0xff013cb0                vsnprintf
                0xff00ce6c                cmdline_parse
                0xff00f070                alloc_xenheap_pages
                0xff013094                open_softirq
                0xff014210                sprintf
                0xff00a654                loadelfimage
                0xff009d9c                domain_shutdown
                0xff0139b8                simple_strtoll
                0xff00ba54                gnttab_release_mappings
                0xff00ae7c                __evtchn_close
                0xff012c9c                dump_runq
                0xff013238                strnlen
                0xff00ef04                init_boot_pages
                0xff00a9d8                evtchn_bind_vcpu
                0xff00edb8                scrub_heap_pages
                0xff00d5f4                __divdi3
                0xff01375c                simple_strtoul
                0xff009edc                domain_kill
                0xff01342c                strnicmp
                0xff01236c                vcpu_wake
                0xff00fd08                rangeset_new
                0xff00871c                bitmap_release_region
                0xff013378                strstr
                0xff0131a8                strcmp
                0xff00f7ec                rangeset_contains_singleton
                0xff010c38                runq_comp
                0xff012a68                do_sched_op
                0xff00b8e0                grant_table_destroy
                0xff012924                vcpu_set_affinity
                0xff00aca0                evtchn_set_pending
                0xff0132a8                strpbrk
                0xff00ecb0                end_boot_allocator
                0xff00fdd8                rangeset_domain_printk
                0xff012500                schedulers_start
                0xff00997c                domain_pause
                0xff0142c0                vscnprintf
                0xff00d060                do_vm_assist
                0xff013354                memscan
                0xff014610                xrealloc
                0xff00999c                vm_assist
                0xff00e77c                init_xenheap_pages
                0xff0130a4                do_softirq
                0xff00fb4c                rangeset_remove_singleton
                0xff0081b0                __bitmap_empty
                0xff0130f0                strcpy
                0xff013594                stop_timer
                0xff012a40                alloc_domain
                0xff009a28                vcpu_unpause
 .text          0xff014660     0x6568 /home/nirvana/release/opensource/xen-arm/xen/arch/arm/built_in.o
                0xff019edc                __muldi3
                0xff016c88                domain_relinquish_memory
                0xff019ca0                _test_and_change_bit_be
                0xff016f68                arch_domain_create
                0xff016270                set_irq_chained_handler
                0xff016b78                arch_domain_destroy
                0xff019048                arm926_flush_user_cache_range
                0xff0165bc                edge_irq_handler
                0xff0164e0                do_set_irq_type
                0xff018dbc                do_restore_trap_frame
                0xff019e98                __put_user_1
                0xff017534                build_guest_tables
                0xff018260                __div0
                0xff018ee4                machine_halt
                0xff018be0                __switch_to
                0xff018ad0                return_to_guest
                0xff0182f4                arch_do_dom0_op
                0xff0190b0                cpu_invalidate_dma_range
                0xff019dd0                _find_first_bit_le
                0xff018ef8                do_vfp_op
                0xff018f94                arm926_halt
                0xff0160e8                do_set_foreground_domain
                0xff016900                pirq_guest_unbind
                0xff0198a0                __udivsi3
                0xff019d78                _find_first_zero_bit_le
                0xff0190a0                cpu_flush_cache_entry
                0xff019500                memcpy
                0xff018fb8                cpu_reset
                0xff019140                v4wb_copy_user_page
                0xff0159f0                create_grant_host_mapping
                0xff019200                cpu_flush_tlb_all
                0xff019dfc                _find_next_bit_le
                0xff015470                free_page_type
                0xff017180                map_domain_page
                0xff01a3dc                __arch_copy_from_user
                0xff014d90                get_guest_domain_address
                0xff019d14                _test_and_set_bit_le
                0xff018fe4                cpu_switch_ttb
                0xff018d24                do_set_domain
                0xff016e8c                context_switch
                0xff019048                cpu_flush_cache_range
                0xff019230                v4wbi_flush_tlb_range
                0xff0190dc                arm926_dma_clean_range
                0xff016b34                enable_fiq
                0xff014eac                create_guest_domain
                0xff019214                cpu_flush_tlb_entry
                0xff014c2c                imx21_irq_init
                0xff0163ac                setup_irq
                0xff016bb4                trace_domheap_pages
                0xff019114                cpu_coherent_range
                0xff019024                cpu_flush_cache_page
                0xff01749c                new_thread
                0xff017314                elf_sanity_check
                0xff0191a0                v4wb_clear_user_page
                0xff018070                do_undefined_instruction
                0xff019004                arm926_flush_kern_cache_all
                0xff015434                zap_low_mappings
                0xff015b90                do_mmu_update
                0xff019d10                _test_and_set_bit_be
                0xff016c7c                dump_pageframe_info
                0xff019e8c                __get_user_bad
                0xff016c64                sync_lazy_execstate_mask
                0xff019cdc                _test_and_clear_bit_le
                0xff0153d8                register_memory_bank
                0xff01a7ec                __arch_clear_user
                0xff016f38                alloc_vcpu_struct
                0xff018620                exception_vectors_table
                0xff0198a0                __aeabi_uidiv
                0xff018294                do_set_callbacks
                0xff016b80                arch_do_vcpu_op
                0xff015490                arch_memory_op
                0xff018fb8                arm926_reset
                0xff019c74                _clear_bit_le
                0xff01826c                fixup_exception
                0xff018e14                fcse_get_pid
                0xff015498                steal_page_for_grant_transfer
                0xff016b7c                continue_running
                0xff019cd8                _test_and_clear_bit_be
                0xff019c70                _clear_bit_be
                0xff019fa8                __arch_copy_to_user
                0xff014d80                init_acm
                0xff01a888                memmove
                0xff017b84                construct_guest_dom
                0xff016348                set_irq_chip
                0xff019c30                __aeabi_uidivmod
                0xff01a86c                __ashrdi3
                0xff01a850                __ashldi3
                0xff018e74                search_extable
                0xff015474                put_page_type
                0xff018d60                do_cache_control
                0xff019b5c                __modsi3
                0xff018e8c                search_pre_extable
                0xff01724c                timer_tick
                0xff019e78                __get_user_8
                0xff019ec4                __put_user_8
                0xff015488                do_update_va_mapping
                0xff014ff0                start_xen
                0xff019e6c                __get_user_4
                0xff019d4c                _set_bit_le
                0xff01a86c                __aeabi_lasr
                0xff0190f8                arm926_dma_flush_range
                0xff015c58                do_mmuext_op
                0xff01802c                is_kernel_text
                0xff019a44                __divsi3
                0xff0190b0                arm926_dma_inv_range
                0xff01571c                new_guest_ptbase
                0xff018ed0                machine_restart
                0xff019eb8                __put_user_4
                0xff014dbc                trap_init
                0xff019ed4                __put_user_bad
                0xff016b38                disable_fiq
                0xff018fdc                cpu_get_ttb
                0xff017248                do_settime
                0xff018f74                cpu_idle
                0xff0161ac                set_irq_type
                0xff0169f4                pirq_guest_bind
                0xff0184b8                do_physdev_op
                0xff019f2c                __aeabi_ldivmod
                0xff014828                platform_halt
                0xff0155b4                share_xen_page_with_privileged_guests
                0xff01a850                __aeabi_llsl
                0xff016cac                free_perdomain_pt
                0xff0160b8                do_set_HID_irq
                0xff0170a8                mapcache_init
                0xff014660                imx21_gpio_mode
                0xff0157ac                arch_init_memory
                0xff0167a4                pirq_guest_unmask
                0xff016b88                startup_cpu_idle_loop
                0xff0166dc                level_irq_handler
                0xff018068                do_prefetch_abort
                0xff019460                memset
                0xff014d38                imx_timer_interrupt
                0xff015538                share_xen_page_with_guest
                0xff01805c                kernel_text_end
                0xff016e6c                domain_relinquish_resources
                0xff019088                arm926_clean_cache_range
                0xff014d00                imx_timer_init
                0xff019024                arm926_flush_kern_dcache_page
                0xff019ca4                _test_and_change_bit_le
                0xff0191e0                v4wb_user_fns
                0xff0180f0                show_registers
                0xff014ea8                console_init
                0xff019114                arm926_coherent_user_range
                0xff018074                do_set_trap_table
                0xff014cdc                imx_gettimeoffset
                0xff019e4c                __get_user_1
                0xff015478                get_page_type
                0xff0190f8                cpu_flush_dma_range
                0xff016cb8                hypercall_create_continuation
                0xff019214                v4wbi_flush_tlb_entry
                0xff019c48                __aeabi_idivmod
                0xff018fe4                arm926_switch_mm
                0xff019840                memchr
                0xff018e0c                fcse_set_pid
                0xff016224                set_irq_flags
                0xff019114                arm926_coherent_kern_range
                0xff01806c                do_data_abort
                0xff014e54                arch_get_xen_caps
                0xff019260                __do_div64
                0xff019ea4                __put_user_2
                0xff016160                asm_do_IRQ
                0xff014860                platform_setup
                0xff016c94                arch_set_info_guest
                0xff0191a0                cpu_clear_page
                0xff019200                v4wbi_flush_tlb_all
                0xff016888                pirq_guest_eoi
                0xff018fdc                arm926_get_ttb
                0xff01485c                platform_query
                0xff0162e4                set_irq_handler
                0xff0193c0                __memzero
                0xff019d48                _set_bit_be
                0xff019140                cpu_copy_page
                0xff019988                __umodsi3
                0xff018d8c                do_sync_vcpu_state
                0xff0182e4                arch_getdomaininfo_ctxt
                0xff016eec                free_vcpu_struct
                0xff014d88                register_decision_maker
                0xff017138                unmap_domain_page
                0xff015808                destroy_grant_host_mapping
                0xff019088                cpu_clean_cache_range
                0xff019860                strchr
                0xff019230                cpu_flush_tlb_range
                0xff019da4                _find_next_zero_bit_le
                0xff0160fc                handle_event
                0xff018f74                arm926_idle
                0xff0190a0                arm926_flush_dcache_entry
                0xff019a44                __aeabi_idiv
                0xff018f94                cpu_halt
                0xff018d20                do_acm_op
                0xff018d28                do_iwmmxt_op
                0xff0190dc                cpu_clean_dma_range
                0xff015480                inspect_guest_tables
                0xff016c58                sync_vcpu_execstate
                0xff016c70                sync_lazy_execstate_cpu
                0xff019e58                __get_user_2
                0xff01776c                construct_dom0
                0xff018c40                hypercall_table
                0xff019004                cpu_flush_cache_all
 .text          0xff01abc8      0x970 /home/nirvana/release/opensource/xen-arm/xen/drivers/built_in.o
                0xff01b0f0                serial_start_sync
                0xff01ac74                serial_tx_interrupt
                0xff01b208                serial_init_preirq
                0xff01abc8                serial_rx_interrupt
                0xff01b1d8                serial_tx_space
                0xff01aec8                serial_puts
                0xff01b304                serial_register_uart
                0xff01b2b0                serial_endboot
                0xff01b19c                serial_end_sync
                0xff01b190                serial_force_unlock
                0xff01b25c                serial_init_postirq
                0xff01b3ac                set_printk_prefix
                0xff01b3d8                __putstr
                0xff01b4c4                do_console_io
                0xff01ae3c                serial_putc
                0xff01b3ec                printf
                0xff01b058                serial_set_rx_handler
                0xff01af6c                serial_getc
                0xff01b328                serial_parse_handle
                0xff01b3bc                init_console
 *(.fixup)
 .fixup         0xff01b538       0x28 /home/nirvana/release/opensource/xen-arm/xen/arch/arm/built_in.o
 *(.gnu.warning)

.glue_7         0xff01b560        0x0
 .glue_7        0xff01b560        0x0 arch-imx21/start.o
 .glue_7        0xff01b560        0x0 /home/nirvana/release/opensource/xen-arm/xen/common/built_in.o
 .glue_7        0xff01b560        0x0 /home/nirvana/release/opensource/xen-arm/xen/arch/arm/built_in.o
 .glue_7        0xff01b560        0x0 /home/nirvana/release/opensource/xen-arm/xen/drivers/built_in.o

.glue_7t        0xff01b560        0x0
 .glue_7t       0xff01b560        0x0 arch-imx21/start.o
 .glue_7t       0xff01b560        0x0 /home/nirvana/release/opensource/xen-arm/xen/common/built_in.o
 .glue_7t       0xff01b560        0x0 /home/nirvana/release/opensource/xen-arm/xen/arch/arm/built_in.o
 .glue_7t       0xff01b560        0x0 /home/nirvana/release/opensource/xen-arm/xen/drivers/built_in.o

.init.text      0xff01b560      0x234
 .init.text     0xff01b560      0x178 /home/nirvana/release/opensource/xen-arm/xen/common/built_in.o
                0xff01b57c                scheduler_init
                0xff01b6ac                timer_init
 .init.text     0xff01b6d8       0xbc /home/nirvana/release/opensource/xen-arm/xen/arch/arm/built_in.o
                0xff01b764                sort_extables

.rodata         0xff01b798     0x1758
 *(.rodata)
 .rodata        0xff01b798       0x60 /home/nirvana/release/opensource/xen-arm/xen/common/built_in.o
 .rodata        0xff01b7f8      0x100 /home/nirvana/release/opensource/xen-arm/xen/arch/arm/built_in.o
 *(.rodata.*)
 .rodata.str1.8
                0xff01b8f8      0x872 /home/nirvana/release/opensource/xen-arm/xen/common/built_in.o
                                0x970 (size before relaxing)
 *fill*         0xff01c16a        0x6 00
 .rodata.str1.8
                0xff01c170      0xd63 /home/nirvana/release/opensource/xen-arm/xen/arch/arm/built_in.o
                                0xe40 (size before relaxing)
 *fill*         0xff01ced3        0x5 00
 .rodata.str1.8
                0xff01ced8       0x18 /home/nirvana/release/opensource/xen-arm/xen/drivers/built_in.o
                                 0x20 (size before relaxing)
                0xff01cef0                _etext = .
                0xff01cef0                . = ALIGN (0x1)
                0xff01cef0                __start___ex_table = .

__ex_table      0xff01cef0       0x30
 __ex_table     0xff01cef0       0x30 /home/nirvana/release/opensource/xen-arm/xen/arch/arm/built_in.o
                0xff01cf20                __stop___ex_table = .
                0xff01cf20                . = ALIGN (0x20)
                0xff01cf20                _sextable = .

.extable        0xff01cf20      0x198
 *(.extable)
 .extable       0xff01cf20      0x198 /home/nirvana/release/opensource/xen-arm/xen/arch/arm/built_in.o
                0xff01d0b8                _eextable = .
                0xff01d0c0                . = ALIGN (0x20)
                0xff01d0c0                _spreextable = .

.preextable
 *(.preextable)
                0xff01d0c0                _epreextable = .
                0xff01d0c0                _sdata = .

.data           0xff01d0c0      0x330
 *(.data)
 .data          0xff01d0c0        0x0 arch-imx21/start.o
 .data          0xff01d0c0      0x210 /home/nirvana/release/opensource/xen-arm/xen/common/built_in.o
                0xff01d1c8                page_scrub_list
                0xff01d0c0                _ctype
                0xff01d278                sched_sedf_def
                0xff01d238                sched_bvt_def
 .data          0xff01d2d0      0x100 /home/nirvana/release/opensource/xen-arm/xen/arch/arm/built_in.o
                0xff01d350                domain_addrs
 .data          0xff01d3d0       0x20 /home/nirvana/release/opensource/xen-arm/xen/drivers/built_in.o
                0xff01d3f0                _edata = .
                0xff01d3f0                __init_begin = .

.init.setup     0xff01d3f0       0x10
 .init.setup    0xff01d3f0       0x10 /home/nirvana/release/opensource/xen-arm/xen/common/built_in.o

.init.data      0xff01d400        0x8
 .init.data     0xff01d400        0x8 /home/nirvana/release/opensource/xen-arm/xen/common/built_in.o

.text.init
 *(.text.init)

.data.init
 *(.data.init)
                0xff01d408                __setup_start = .

.setup.init
 *(.setup.init)
                0xff01d408                __setup_end = .
                0xff01d408                __initcall_start = .

.initcall.init  0xff01d408        0xc
 *(.initcall.init)
 .initcall.init
                0xff01d408        0x8 /home/nirvana/release/opensource/xen-arm/xen/common/built_in.o
 .initcall.init
                0xff01d410        0x4 /home/nirvana/release/opensource/xen-arm/xen/arch/arm/built_in.o
                0xff01d414                __initcall_end = .
                0xff01d414                __init_end = .
                0xff01e000                . = ALIGN (0x1000)
                0xff01e000                _sbss = .

.bss            0xff01e000     0x76a1
 *(.bss.stack_aligned)
 .bss.stack_aligned
                0xff01e000     0x4000 arch-imx21/start.o
                0xff021000                und_stack
                0xff01f000                irq_stack
                0xff01e000                svc_stack
                0xff020000                abt_stack
 *(.bss.page_aligned)
 *(.bss)
 .bss           0xff022000        0x0 arch-imx21/start.o
 .bss           0xff022000      0x780 /home/nirvana/release/opensource/xen-arm/xen/common/built_in.o
                0xff022420                mc_state
                0xff022004                dom0
                0xff022008                domain_hash
                0xff022760                timers
                0xff022680                schedule_data
                0xff022700                irq_stat
                0xff022408                domain_list
                0xff022410                tainted
                0xff022000                domlist_lock
 .bss           0xff022780     0x2a80 /home/nirvana/release/opensource/xen-arm/xen/arch/arm/built_in.o
                0xff025080                mapcache
                0xff022840                foreground_domain
                0xff0227c0                idle_domain
                0xff0251e0                jiffies_64
                0xff0227e4                frame_table
                0xff0227e0                idle_pgd
                0xff0227c4                xenheap_phys_start
                0xff0227b4                xenheap_phys_end
                0xff0227b8                cpu_online_map
                0xff022844                irq_desc
                0xff0227f0                total_pages
                0xff022780                system_memory
                0xff0227bc                idle_vcpu
                0xff0227ec                max_page
                0xff0227e8                min_page
                0xff0227c8                shared_info_table
 .bss           0xff025200      0x4a1 /home/nirvana/release/opensource/xen-arm/xen/drivers/built_in.o
                0xff0252a0                console_lock
                0xff0256a1                _ebss = .
                0xff0256a1                _end = .

/DISCARD/
 *(.text.exit)
 *(.data.exit)
 *(.exitcall.exit)

.stab
 *(.stab)

.stabstr
 *(.stabstr)

.stab.excl
 *(.stab.excl)

.stab.exclstr
 *(.stab.exclstr)

.stab.index
 *(.stab.index)

.stab.indexstr
 *(.stab.indexstr)

.comment        0x00000000      0x306
 *(.comment)
 .comment       0x00000000      0x168 /home/nirvana/release/opensource/xen-arm/xen/common/built_in.o
 .comment       0x00000168      0x17a /home/nirvana/release/opensource/xen-arm/xen/arch/arm/built_in.o
 .comment       0x000002e2       0x24 /home/nirvana/release/opensource/xen-arm/xen/drivers/built_in.o
LOAD arch-imx21/start.o
LOAD /home/nirvana/release/opensource/xen-arm/xen/common/built_in.o
LOAD /home/nirvana/release/opensource/xen-arm/xen/arch/arm/built_in.o
LOAD /home/nirvana/release/opensource/xen-arm/xen/drivers/built_in.o
OUTPUT(/home/nirvana/release/opensource/xen-arm/xen/xen-syms elf32-littlearm)

.ARM.attributes
                0x00000000       0x10
 .ARM.attributes
                0x00000000       0x1c arch-imx21/start.o
 .ARM.attributes
                0x0000001c       0x10 /home/nirvana/release/opensource/xen-arm/xen/common/built_in.o
 .ARM.attributes
                0x0000002c       0x10 /home/nirvana/release/opensource/xen-arm/xen/arch/arm/built_in.o
 .ARM.attributes
                0x0000003c       0x10 /home/nirvana/release/opensource/xen-arm/xen/drivers/built_in.o

.debug_line     0x00000000     0x7fe4
 .debug_line    0x00000000       0x7e arch-imx21/start.o
 .debug_line    0x0000007e     0x47a4 /home/nirvana/release/opensource/xen-arm/xen/common/built_in.o
 .debug_line    0x00004822     0x33c6 /home/nirvana/release/opensource/xen-arm/xen/arch/arm/built_in.o
 .debug_line    0x00007be8      0x3fc /home/nirvana/release/opensource/xen-arm/xen/drivers/built_in.o

.debug_info     0x00000000    0x303ca
 .debug_info    0x00000000       0x72 arch-imx21/start.o
 .debug_info    0x00000072    0x1c0f4 /home/nirvana/release/opensource/xen-arm/xen/common/built_in.o
 .debug_info    0x0001c166    0x128a0 /home/nirvana/release/opensource/xen-arm/xen/arch/arm/built_in.o
 .debug_info    0x0002ea06     0x19c4 /home/nirvana/release/opensource/xen-arm/xen/drivers/built_in.o

.debug_abbrev   0x00000000     0x7319
 .debug_abbrev  0x00000000       0x14 arch-imx21/start.o
 .debug_abbrev  0x00000014     0x4196 /home/nirvana/release/opensource/xen-arm/xen/common/built_in.o
 .debug_abbrev  0x000041aa     0x2cc8 /home/nirvana/release/opensource/xen-arm/xen/arch/arm/built_in.o
 .debug_abbrev  0x00006e72      0x4a7 /home/nirvana/release/opensource/xen-arm/xen/drivers/built_in.o

.debug_aranges  0x00000000      0x878
 .debug_aranges
                0x00000000       0x20 arch-imx21/start.o
 .debug_aranges
                0x00000020      0x298 /home/nirvana/release/opensource/xen-arm/xen/common/built_in.o
 .debug_aranges
                0x000002b8      0x580 /home/nirvana/release/opensource/xen-arm/xen/arch/arm/built_in.o
 .debug_aranges
                0x00000838       0x40 /home/nirvana/release/opensource/xen-arm/xen/drivers/built_in.o

.debug_pubnames
                0x00000000     0x1a94
 .debug_pubnames
                0x00000000      0xe04 /home/nirvana/release/opensource/xen-arm/xen/common/built_in.o
 .debug_pubnames
                0x00000e04      0xac7 /home/nirvana/release/opensource/xen-arm/xen/arch/arm/built_in.o
 .debug_pubnames
                0x000018cb      0x1c9 /home/nirvana/release/opensource/xen-arm/xen/drivers/built_in.o

.debug_frame    0x00000000     0x2bb8
 .debug_frame   0x00000000     0x1c20 /home/nirvana/release/opensource/xen-arm/xen/common/built_in.o
 .debug_frame   0x00001c20      0xd70 /home/nirvana/release/opensource/xen-arm/xen/arch/arm/built_in.o
 .debug_frame   0x00002990      0x228 /home/nirvana/release/opensource/xen-arm/xen/drivers/built_in.o

.debug_str      0x00000000     0x4809
 .debug_str     0x00000000     0x31c3 /home/nirvana/release/opensource/xen-arm/xen/common/built_in.o
                               0xb406 (size before relaxing)
 .debug_str     0x000031c3     0x1496 /home/nirvana/release/opensource/xen-arm/xen/arch/arm/built_in.o
                               0x8fb4 (size before relaxing)
 .debug_str     0x00004659      0x1b0 /home/nirvana/release/opensource/xen-arm/xen/drivers/built_in.o
                                0xca4 (size before relaxing)

.debug_loc      0x00000000     0xf89d
 .debug_loc     0x00000000     0xbb4d /home/nirvana/release/opensource/xen-arm/xen/common/built_in.o
 .debug_loc     0x0000bb4d     0x3621 /home/nirvana/release/opensource/xen-arm/xen/arch/arm/built_in.o
 .debug_loc     0x0000f16e      0x72f /home/nirvana/release/opensource/xen-arm/xen/drivers/built_in.o

.debug_ranges   0x00000000     0x16d0
 .debug_ranges  0x00000000     0x11f0 /home/nirvana/release/opensource/xen-arm/xen/common/built_in.o
 .debug_ranges  0x000011f0      0x4e0 /home/nirvana/release/opensource/xen-arm/xen/arch/arm/built_in.o
